This entity set does not support the operator "any"