( ( not contains( origin , 'a' ) ) and ( ( origin eq 'abcd' ) or ( origin eq 'e' ) ) )