( ( 54 gt 12 ) and passengers/any(p: ( ( ( p/name gt 'b' ) and ( p/name lt 'b' ) ) or ( id eq 4 ) ) ) )