Encountered an invalid symbol at: >y<ear(origin) eq 1999