SELECT flights.`id` AS id, flights.`origin` AS origin FROM flights WHERE REGEXP_LIKE( flights.`origin` , ? )