( concat( origin , concat( id , 4 ) ) eq '123abc' )