( origin eq 4AA33245-E2D1-470D-9433-01AAFCF0C83F )