Encountered an invalid symbol at: origin eq 'test<EOF