( ( origin eq 'b' ) or ( not ( origin eq 'a' ) ) )