( ( origin eq 'b' ) and ( not ( origin eq 'a' ) ) )