SELECT flights.`id` AS id, flights.`origin` AS origin FROM flights WHERE ( DATE_PART('MINUTE', flights.`origin` ) = ? )